// Jest Snapshot v1, https://goo.gl/fbAQLP

exports[`initial page snapshot 1`] = `
<div
  className="sc-iwsKbI hnvISB"
>
  <img
    alt="Logo Future Eats"
    className="sc-gZMcBi cAxzaq"
    src="logo-future-eats.png"
  />
</div>
`;
